/*
Copyright 2016 Goldman Sachs.
Licensed under the Apache License, Version 2.0 (the "License");
you may not use this file except in compliance with the License.
You may obtain a copy of the License at

  http://www.apache.org/licenses/LICENSE-2.0

Unless required by applicable law or agreed to in writing,
software distributed under the License is distributed on an
"AS IS" BASIS, WITHOUT WARRANTIES OR CONDITIONS OF ANY
KIND, either express or implied.  See the License for the
specific language governing permissions and limitations
under the License.
*/
class com.gs.fw.common.mithra.test.domain.AccountTransaction
transactionId,transactionDescription,transactionDate
1,"Transaction 1","2002-11-28 18:30:00.000"
100,"Transaction 100","2002-11-29 18:30:00.000"
1000,"Transaction 1000","2002-11-29 18:40:00.000"

class com.gs.fw.common.mithra.test.domain.AuditedOrder
orderId,orderDate,userId,description,state,trackingId,processingDateFrom,processingDateTo
1,null,1,"one",null,null,"2000-01-01 00:00:00.000","9999-12-01 23:59:00.000"
2,null,2,"two",null,null,"2000-01-01 00:00:00.000","9999-12-01 23:59:00.000"
3,null,3,"three",null,null,"2000-01-01 00:00:00.000","9999-12-01 23:59:00.000"
4,null,40,"forty",null,null,"2000-01-01 00:00:00.000","9999-12-01 23:59:00.000"
5,null,5,"five",null,null,"2000-01-01 00:00:00.000","2010-01-01 00:00:00.000"
5,null,50,"fifty",null,null,"2010-01-01 00:00:00.000","9999-12-01 23:59:00.000"
6,null,60,"six",null,null,"2000-01-01 00:00:00.000","2010-01-01 00:00:00.000"
6,null,60,"sixty",null,null,"2010-01-01 00:00:00.000","2020-01-01 00:00:00.000"
6,null,60,"six",null,null,"2020-01-01 00:00:00.000","9999-12-01 23:59:00.000"
7,null,70,"seventy",null,null,"2010-01-01 00:00:00.000","2020-01-01 00:00:00.000"
7,null,71,"seventy one",null,null,"2020-01-01 00:00:00.000","2030-01-01 00:00:00.000"
7,null,72,"seventy two",null,null,"2030-01-01 00:00:00.000","2050-01-01 00:00:00.000"

class com.gs.fw.common.mithra.test.domain.BitemporalOrder
orderId,orderDate,userId,description,state,trackingId,businessDateFrom,businessDateTo,processingDateFrom,processingDateTo
1,null,1,"one",null,null,"2000-01-01 23:59:00.000","9999-12-01 23:59:00.000","2000-01-01 00:00:00.000","9999-12-01 23:59:00.000"
2,null,2,"two",null,null,"2000-01-01 23:59:00.000","9999-12-01 23:59:00.000","2000-01-01 00:00:00.000","9999-12-01 23:59:00.000"
3,null,3,"three",null,null,"2000-01-01 23:59:00.000","9999-12-01 23:59:00.000","2000-01-01 00:00:00.000","9999-12-01 23:59:00.000"
4,null,40,"forty",null,null,"2000-01-01 23:59:00.000","9999-12-01 23:59:00.000","2000-01-01 00:00:00.000","9999-12-01 23:59:00.000"
5,null,5,"five",null,null,"2000-01-01 23:59:00.000","2010-01-01 23:59:00.000","2000-01-01 00:00:00.000","2050-01-01 00:00:00.000"
5,null,5,"five a",null,null,"2000-01-01 23:59:00.000","2010-01-01 23:59:00.000","2050-01-01 00:00:00.000","9999-12-01 23:59:00.000"
5,null,50,"fifty",null,null,"2010-01-01 23:59:00.000","9999-12-01 23:59:00.000","2000-01-01 00:00:00.000","2050-01-01 00:00:00.000"
5,null,5,"five a",null,null,"2010-01-01 23:59:00.000","9999-12-01 23:59:00.000","2050-01-01 00:00:00.000","2070-01-01 00:00:00.000"
5,null,50,"fifty a",null,null,"2010-01-01 23:59:00.000","9999-12-01 23:59:00.000","2070-01-01 00:00:00.000","9999-12-01 23:59:00.000"
6,null,6,"six",null,null,"2000-01-01 23:59:00.000","2010-01-01 23:59:00.000","2000-01-01 00:00:00.000","9999-12-01 23:59:00.000"
6,null,6,"six",null,null,"2010-01-01 23:59:00.000","2050-01-01 23:59:00.000","2000-01-01 00:00:00.000","2020-01-01 00:00:00.000"
6,null,60,"sixty",null,null,"2010-01-01 23:59:00.000","2050-01-01 23:59:00.000","2020-01-01 00:00:00.000","2070-01-01 00:00:00.000"
6,null,6,"six",null,null,"2010-01-01 23:59:00.000","2050-01-01 23:59:00.000","2070-01-01 00:00:00.000","9999-12-01 23:59:00.000"
6,null,6,"six",null,null,"2050-01-01 23:59:00.000","9999-12-01 23:59:00.000","2000-01-01 00:00:00.000","9999-12-01 23:59:00.000"
7,null,70,"seventy",null,null,"2000-01-01 23:59:00.000","9999-12-01 23:59:00.000","2010-01-01 00:00:00.000","2020-01-01 00:00:00.000"
7,null,71,"seventy one",null,null,"2000-01-01 23:59:00.000","9999-12-01 23:59:00.000","2020-01-01 00:00:00.000","2030-01-01 00:00:00.000"
7,null,72,"seventy two",null,null,"2000-01-01 23:59:00.000","9999-12-01 23:59:00.000","2030-01-01 00:00:00.000","2050-01-01 00:00:00.000"

class com.gs.fw.common.mithra.test.domain.Order
orderId,orderDate,userId,description,state,trackingId
1,null,1,"one",null,null
2,null,2,"two",null,null
3,null,3,"three",null,null
4,null,40,"forty",null,null

