/*
Copyright 2016 Goldman Sachs.
Licensed under the Apache License, Version 2.0 (the "License");
you may not use this file except in compliance with the License.
You may obtain a copy of the License at

  http://www.apache.org/licenses/LICENSE-2.0

Unless required by applicable law or agreed to in writing,
software distributed under the License is distributed on an
"AS IS" BASIS, WITHOUT WARRANTIES OR CONDITIONS OF ANY
KIND, either express or implied.  See the License for the
specific language governing permissions and limitations
under the License.
*/
class com.gs.fw.common.mithra.test.domain.Order
orderId,orderDate,userId,description,state,trackingId
1,"2004-01-12 00:00:00.000",1,"First order","In-Progress","123"
3,"2004-03-12 00:00:00.000",1,"Third order","In-Progress","125"
4,"2004-04-12 00:00:00.000",2,"Fourth order, different user","In-Progress","126"

class com.gs.fw.common.mithra.test.domain.OrderItem
id,orderId,productId,quantity,originalPrice,discountPrice,state
1,1,1,20,10.5,10.5,"In-Progress"
2,2,1,20,10.5,10.5,"In-Progress"

class com.gs.fw.common.mithra.test.domain.Trial
trialId,description,bugId
"001N","Transformed N-Trial",null

